// Jest Snapshot v1, https://goo.gl/fbAQLP

exports[`test function Modal Probar si existe el elemento modal 1`] = `
<div
  class="modal"
  id="myModal"
>
  
 
  <div
    class="modal__content"
  >
     
  
    <span
      class="modal__close"
      id="modal-close"
    >
      Ã—
    </span>
    
  
    <h2>
      hola soy modal
    </h2>
     
  
    <p>
      hola soy el mensaje de modal
    </p>
     
  </div>
</div>
`;
